Detecting CXX OpenMP version failed with the following output:
Change Dir: C:/Users/HP/AndroidStudioProjects/MobilTelesco2/app/.cxx/Debug/70d1i4n6/x86_64/CMakeFiles/CMakeTmp

Run Build Command(s):C:\Users\HP\AppData\Local\Android\Sdk\cmake\3.22.1\bin\ninja.exe cmTC_2377a && [1/2] Building CXX object CMakeFiles/cmTC_2377a.dir/OpenMPCheckVersion.cpp.o
[2/2] Linking CXX executable cmTC_2377a
FAILED: cmTC_2377a 
cmd.exe /C "cd . && C:\Users\HP\AppData\Local\Android\Sdk\ndk\27.0.12077973\toolchains\llvm\prebuilt\windows-x86_64\bin\clang++.exe --target=x86_64-none-linux-android29 --sysroot=C:/Users/HP/AppData/Local/Android/Sdk/ndk/27.0.12077973/toolchains/llvm/prebuilt/windows-x86_64/sysroot -g -DANDROID -fdata-sections -ffunction-sections -funwind-tables -fstack-protector-strong -no-canonical-prefixes -D_FORTIFY_SOURCE=2 -Wformat -Werror=format-security   -fopenmp=libomp -static-libstdc++ -Wl,--build-id=sha1 -Wl,--no-rosegment -Wl,--no-undefined-version -Wl,--fatal-warnings -Wl,--no-undefined -Qunused-arguments CMakeFiles/cmTC_2377a.dir/OpenMPCheckVersion.cpp.o -o cmTC_2377a  -latomic -lm && cd ."
The system cannot execute the specified program.
The system cannot execute the specified program.
ninja: build stopped: subcommand failed.



Performing C SOURCE FILE Test CMAKE_HAVE_LIBC_PTHREAD failed with the following output:
Change Dir: C:/Users/HP/AndroidStudioProjects/MobilTelesco2/app/.cxx/Debug/70d1i4n6/x86_64/CMakeFiles/CMakeTmp

Run Build Command(s):C:\Users\HP\AppData\Local\Android\Sdk\cmake\3.22.1\bin\ninja.exe cmTC_db9ba && [1/2] Building C object CMakeFiles/cmTC_db9ba.dir/src.c.o
FAILED: CMakeFiles/cmTC_db9ba.dir/src.c.o 
C:\Users\HP\AppData\Local\Android\Sdk\ndk\27.0.12077973\toolchains\llvm\prebuilt\windows-x86_64\bin\clang.exe --target=x86_64-none-linux-android29 --sysroot=C:/Users/HP/AppData/Local/Android/Sdk/ndk/27.0.12077973/toolchains/llvm/prebuilt/windows-x86_64/sysroot -DCMAKE_HAVE_LIBC_PTHREAD  -g -DANDROID -fdata-sections -ffunction-sections -funwind-tables -fstack-protector-strong -no-canonical-prefixes -D_FORTIFY_SOURCE=2 -Wformat -Werror=format-security   -fPIE -MD -MT CMakeFiles/cmTC_db9ba.dir/src.c.o -MF CMakeFiles\cmTC_db9ba.dir\src.c.o.d -o CMakeFiles/cmTC_db9ba.dir/src.c.o -c C:/Users/HP/AndroidStudioProjects/MobilTelesco2/app/.cxx/Debug/70d1i4n6/x86_64/CMakeFiles/CMakeTmp/src.c
C:/Users/HP/AndroidStudioProjects/MobilTelesco2/app/.cxx/Debug/70d1i4n6/x86_64/CMakeFiles/CMakeTmp/src.c:13:3: error: call to undeclared function 'pthread_cancel'; ISO C99 and later do not support implicit function declarations [-Wimplicit-function-declaration]
   13 |   pthread_cancel(thread);
      |   ^
C:/Users/HP/AndroidStudioProjects/MobilTelesco2/app/.cxx/Debug/70d1i4n6/x86_64/CMakeFiles/CMakeTmp/src.c:13:3: note: did you mean 'pthread_once'?
C:/Users/HP/AppData/Local/Android/Sdk/ndk/27.0.12077973/toolchains/llvm/prebuilt/windows-x86_64/sysroot/usr/include/pthread.h:264:5: note: 'pthread_once' declared here
  264 | int pthread_once(pthread_once_t* _Nonnull __once, void (* _Nonnull __init_routine)(void));
      |     ^
1 error generated.
ninja: build stopped: subcommand failed.


Source file was:
#include <pthread.h>

static void* test_func(void* data)
{
  return data;
}

int main(void)
{
  pthread_t thread;
  pthread_create(&thread, NULL, test_func, NULL);
  pthread_detach(thread);
  pthread_cancel(thread);
  pthread_join(thread, NULL);
  pthread_atfork(NULL, NULL, NULL);
  pthread_exit(NULL);

  return 0;
}

